                                 Started job on |	Aug 08 14:44:18
                             Started mapping on |	Aug 08 14:47:51
                                    Finished on |	Aug 08 15:11:49
       Mapping speed, Million of reads per hour |	106.74

                          Number of input reads |	42636777
                      Average input read length |	300
                                    UNIQUE READS:
                   Uniquely mapped reads number |	28201483
                        Uniquely mapped reads % |	66.14%
                          Average mapped length |	290.51
                       Number of splices: Total |	26237920
            Number of splices: Annotated (sjdb) |	25941289
                       Number of splices: GT/AG |	25960520
                       Number of splices: GC/AG |	201954
                       Number of splices: AT/AC |	25306
               Number of splices: Non-canonical |	50140
                      Mismatch rate per base, % |	0.23%
                         Deletion rate per base |	0.03%
                        Deletion average length |	2.54
                        Insertion rate per base |	0.01%
                       Insertion average length |	1.73
                             MULTI-MAPPING READS:
        Number of reads mapped to multiple loci |	907705
             % of reads mapped to multiple loci |	2.13%
        Number of reads mapped to too many loci |	15153
             % of reads mapped to too many loci |	0.04%
                                  UNMAPPED READS:
  Number of reads unmapped: too many mismatches |	0
       % of reads unmapped: too many mismatches |	0.00%
            Number of reads unmapped: too short |	13479120
                 % of reads unmapped: too short |	31.61%
                Number of reads unmapped: other |	33316
                     % of reads unmapped: other |	0.08%
                                  CHIMERIC READS:
                       Number of chimeric reads |	0
                            % of chimeric reads |	0.00%
