                                 Started job on |	Aug 08 15:01:58
                             Started mapping on |	Aug 08 15:01:58
                                    Finished on |	Aug 08 15:55:53
       Mapping speed, Million of reads per hour |	47.85

                          Number of input reads |	42994461
                      Average input read length |	300
                                    UNIQUE READS:
                   Uniquely mapped reads number |	31671893
                        Uniquely mapped reads % |	73.67%
                          Average mapped length |	291.95
                       Number of splices: Total |	29599562
            Number of splices: Annotated (sjdb) |	29270372
                       Number of splices: GT/AG |	29291099
                       Number of splices: GC/AG |	229108
                       Number of splices: AT/AC |	28692
               Number of splices: Non-canonical |	50663
                      Mismatch rate per base, % |	0.23%
                         Deletion rate per base |	0.03%
                        Deletion average length |	2.52
                        Insertion rate per base |	0.01%
                       Insertion average length |	1.73
                             MULTI-MAPPING READS:
        Number of reads mapped to multiple loci |	921326
             % of reads mapped to multiple loci |	2.14%
        Number of reads mapped to too many loci |	14303
             % of reads mapped to too many loci |	0.03%
                                  UNMAPPED READS:
  Number of reads unmapped: too many mismatches |	0
       % of reads unmapped: too many mismatches |	0.00%
            Number of reads unmapped: too short |	10353686
                 % of reads unmapped: too short |	24.08%
                Number of reads unmapped: other |	33253
                     % of reads unmapped: other |	0.08%
                                  CHIMERIC READS:
                       Number of chimeric reads |	0
                            % of chimeric reads |	0.00%
