                                 Started job on |	Aug 08 15:02:45
                             Started mapping on |	Aug 08 15:02:46
                                    Finished on |	Aug 08 15:45:30
       Mapping speed, Million of reads per hour |	45.75

                          Number of input reads |	32582455
                      Average input read length |	300
                                    UNIQUE READS:
                   Uniquely mapped reads number |	22311616
                        Uniquely mapped reads % |	68.48%
                          Average mapped length |	290.60
                       Number of splices: Total |	20512501
            Number of splices: Annotated (sjdb) |	20273693
                       Number of splices: GT/AG |	20301481
                       Number of splices: GC/AG |	153879
                       Number of splices: AT/AC |	19444
               Number of splices: Non-canonical |	37697
                      Mismatch rate per base, % |	0.24%
                         Deletion rate per base |	0.04%
                        Deletion average length |	2.54
                        Insertion rate per base |	0.01%
                       Insertion average length |	1.73
                             MULTI-MAPPING READS:
        Number of reads mapped to multiple loci |	707945
             % of reads mapped to multiple loci |	2.17%
        Number of reads mapped to too many loci |	12403
             % of reads mapped to too many loci |	0.04%
                                  UNMAPPED READS:
  Number of reads unmapped: too many mismatches |	0
       % of reads unmapped: too many mismatches |	0.00%
            Number of reads unmapped: too short |	9523143
                 % of reads unmapped: too short |	29.23%
                Number of reads unmapped: other |	27348
                     % of reads unmapped: other |	0.08%
                                  CHIMERIC READS:
                       Number of chimeric reads |	0
                            % of chimeric reads |	0.00%
