                                 Started job on |	Aug 08 15:02:55
                             Started mapping on |	Aug 08 15:02:55
                                    Finished on |	Aug 08 15:51:53
       Mapping speed, Million of reads per hour |	49.31

                          Number of input reads |	40239957
                      Average input read length |	300
                                    UNIQUE READS:
                   Uniquely mapped reads number |	28534208
                        Uniquely mapped reads % |	70.91%
                          Average mapped length |	290.00
                       Number of splices: Total |	26313836
            Number of splices: Annotated (sjdb) |	26015233
                       Number of splices: GT/AG |	26041594
                       Number of splices: GC/AG |	199577
                       Number of splices: AT/AC |	24823
               Number of splices: Non-canonical |	47842
                      Mismatch rate per base, % |	0.24%
                         Deletion rate per base |	0.04%
                        Deletion average length |	2.52
                        Insertion rate per base |	0.01%
                       Insertion average length |	1.74
                             MULTI-MAPPING READS:
        Number of reads mapped to multiple loci |	931657
             % of reads mapped to multiple loci |	2.32%
        Number of reads mapped to too many loci |	16614
             % of reads mapped to too many loci |	0.04%
                                  UNMAPPED READS:
  Number of reads unmapped: too many mismatches |	0
       % of reads unmapped: too many mismatches |	0.00%
            Number of reads unmapped: too short |	10733577
                 % of reads unmapped: too short |	26.67%
                Number of reads unmapped: other |	23901
                     % of reads unmapped: other |	0.06%
                                  CHIMERIC READS:
                       Number of chimeric reads |	0
                            % of chimeric reads |	0.00%
