                                 Started job on |	Aug 08 15:03:35
                             Started mapping on |	Aug 08 15:03:35
                                    Finished on |	Aug 08 15:51:45
       Mapping speed, Million of reads per hour |	47.75

                          Number of input reads |	38331104
                      Average input read length |	300
                                    UNIQUE READS:
                   Uniquely mapped reads number |	26833280
                        Uniquely mapped reads % |	70.00%
                          Average mapped length |	291.30
                       Number of splices: Total |	24754227
            Number of splices: Annotated (sjdb) |	24476750
                       Number of splices: GT/AG |	24496013
                       Number of splices: GC/AG |	187738
                       Number of splices: AT/AC |	24342
               Number of splices: Non-canonical |	46134
                      Mismatch rate per base, % |	0.24%
                         Deletion rate per base |	0.03%
                        Deletion average length |	2.54
                        Insertion rate per base |	0.01%
                       Insertion average length |	1.75
                             MULTI-MAPPING READS:
        Number of reads mapped to multiple loci |	841427
             % of reads mapped to multiple loci |	2.20%
        Number of reads mapped to too many loci |	15244
             % of reads mapped to too many loci |	0.04%
                                  UNMAPPED READS:
  Number of reads unmapped: too many mismatches |	0
       % of reads unmapped: too many mismatches |	0.00%
            Number of reads unmapped: too short |	10610687
                 % of reads unmapped: too short |	27.68%
                Number of reads unmapped: other |	30466
                     % of reads unmapped: other |	0.08%
                                  CHIMERIC READS:
                       Number of chimeric reads |	0
                            % of chimeric reads |	0.00%
