                                 Started job on |	Aug 08 15:03:22
                             Started mapping on |	Aug 08 15:03:22
                                    Finished on |	Aug 08 15:45:28
       Mapping speed, Million of reads per hour |	40.87

                          Number of input reads |	28680062
                      Average input read length |	300
                                    UNIQUE READS:
                   Uniquely mapped reads number |	20665153
                        Uniquely mapped reads % |	72.05%
                          Average mapped length |	291.93
                       Number of splices: Total |	18972510
            Number of splices: Annotated (sjdb) |	18756491
                       Number of splices: GT/AG |	18773772
                       Number of splices: GC/AG |	144615
                       Number of splices: AT/AC |	18577
               Number of splices: Non-canonical |	35546
                      Mismatch rate per base, % |	0.23%
                         Deletion rate per base |	0.04%
                        Deletion average length |	2.56
                        Insertion rate per base |	0.01%
                       Insertion average length |	1.77
                             MULTI-MAPPING READS:
        Number of reads mapped to multiple loci |	622795
             % of reads mapped to multiple loci |	2.17%
        Number of reads mapped to too many loci |	10522
             % of reads mapped to too many loci |	0.04%
                                  UNMAPPED READS:
  Number of reads unmapped: too many mismatches |	0
       % of reads unmapped: too many mismatches |	0.00%
            Number of reads unmapped: too short |	7357038
                 % of reads unmapped: too short |	25.65%
                Number of reads unmapped: other |	24554
                     % of reads unmapped: other |	0.09%
                                  CHIMERIC READS:
                       Number of chimeric reads |	0
                            % of chimeric reads |	0.00%
