                                 Started job on |	Aug 08 15:03:13
                             Started mapping on |	Aug 08 15:03:13
                                    Finished on |	Aug 08 15:53:37
       Mapping speed, Million of reads per hour |	46.64

                          Number of input reads |	39177382
                      Average input read length |	300
                                    UNIQUE READS:
                   Uniquely mapped reads number |	28899319
                        Uniquely mapped reads % |	73.77%
                          Average mapped length |	291.61
                       Number of splices: Total |	26322567
            Number of splices: Annotated (sjdb) |	26023878
                       Number of splices: GT/AG |	26047805
                       Number of splices: GC/AG |	200360
                       Number of splices: AT/AC |	25954
               Number of splices: Non-canonical |	48448
                      Mismatch rate per base, % |	0.23%
                         Deletion rate per base |	0.04%
                        Deletion average length |	2.54
                        Insertion rate per base |	0.01%
                       Insertion average length |	1.74
                             MULTI-MAPPING READS:
        Number of reads mapped to multiple loci |	956638
             % of reads mapped to multiple loci |	2.44%
        Number of reads mapped to too many loci |	17236
             % of reads mapped to too many loci |	0.04%
                                  UNMAPPED READS:
  Number of reads unmapped: too many mismatches |	0
       % of reads unmapped: too many mismatches |	0.00%
            Number of reads unmapped: too short |	9277049
                 % of reads unmapped: too short |	23.68%
                Number of reads unmapped: other |	27140
                     % of reads unmapped: other |	0.07%
                                  CHIMERIC READS:
                       Number of chimeric reads |	0
                            % of chimeric reads |	0.00%
